$ C:\Users\User\Desktop\ML_project\.venv\Scripts\python.exe scripts/calibration_report.py

載入 cohort（收聽特徵：啟用）...
  收聽特徵覆蓋 feb 81.56% · mar 82.01%
  訓練 feb 992,912 列 × 61 特徵，流失率 6.3915%
  驗證 mar 970,959 列 × 61 特徵，流失率 8.9941%
  Feb 三段切分：訓練 695,435 · early stopping 148,540 · 保留給校準器 148,937（本步驟不使用）

訓練中（LightGBM，M3 選定的模型）...
[LightGBM] [Warning] Met negative value in categorical features, will convert it to NaN
[LightGBM] [Warning] Met negative value in categorical features, will convert it to NaN
[LightGBM] [Warning] Met negative value in categorical features, will convert it to NaN
[LightGBM] [Warning] Met negative value in categorical features, will convert it to NaN
  停在第 440 輪，Mar log loss 0.15645

==============================================================================
校準診斷 · Mar cohort（校準器尚未套用）
==============================================================================
shape: (3, 9)
┌──────────┬────────┬────────────┬──────────┬───┬──────────┬──────────┬─────────┬─────────┐
│ 分群     ┆ 人數   ┆ 實際流失率 ┆ 平均預測 ┆ … ┆ log loss ┆ Brier    ┆ ECE     ┆ MCE     │
│ ---      ┆ ---    ┆ ---        ┆ ---      ┆   ┆ ---      ┆ ---      ┆ ---     ┆ ---     │
│ str      ┆ i64    ┆ f64        ┆ f64      ┆   ┆ f64      ┆ f64      ┆ f64     ┆ f64     │
╞══════════╪════════╪════════════╪══════════╪═══╪══════════╪══════════╪═════════╪═════════╡
│ 全體     ┆ 970959 ┆ 0.08994    ┆ 0.06553  ┆ … ┆ 0.15645  ┆ 0.040866 ┆ 0.02441 ┆ 0.09426 │
│ 重複用戶 ┆ 881693 ┆ 0.05871    ┆ 0.0445   ┆ … ┆ 0.1181   ┆ 0.028499 ┆ 0.01422 ┆ 0.05511 │
│ 新進用戶 ┆ 89266  ┆ 0.39837    ┆ 0.27327  ┆ … ┆ 0.53525  ┆ 0.163022 ┆ 0.1251  ┆ 0.28912 │
└──────────┴────────┴────────────┴──────────┴───┴──────────┴──────────┴─────────┴─────────┘

--- 全體 reliability 曲線（等量分箱，每箱約 9.7 萬人）---
shape: (10, 5)
┌─────┬──────────┬────────────┬──────────┬────────┐
│ bin ┆ 平均預測 ┆ 實際流失率 ┆ 差距     ┆ 樣本數 │
│ --- ┆ ---      ┆ ---        ┆ ---      ┆ ---    │
│ i64 ┆ f64      ┆ f64        ┆ f64      ┆ i64    │
╞═════╪══════════╪════════════╪══════════╪════════╡
│ 1   ┆ 0.00004  ┆ 0.00007    ┆ -0.00004 ┆ 93762  │
│ 2   ┆ 0.00004  ┆ 0.00002    ┆ 0.00002  ┆ 100430 │
│ 3   ┆ 0.00005  ┆ 0.00016    ┆ -0.00011 ┆ 97096  │
│ 4   ┆ 0.00006  ┆ 0.00047    ┆ -0.00041 ┆ 97096  │
│ 5   ┆ 0.0001   ┆ 0.00107    ┆ -0.00097 ┆ 97095  │
│ 6   ┆ 0.00096  ┆ 0.03002    ┆ -0.02906 ┆ 97096  │
│ 7   ┆ 0.0063   ┆ 0.05799    ┆ -0.05169 ┆ 97096  │
│ 8   ┆ 0.01674  ┆ 0.03989    ┆ -0.02315 ┆ 97096  │
│ 9   ┆ 0.06761  ┆ 0.11203    ┆ -0.04442 ┆ 97096  │
│ 10  ┆ 0.56341  ┆ 0.65767    ┆ -0.09426 ┆ 97096  │
└─────┴──────────┴────────────┴──────────┴────────┘

產生圖表...
    圖已存 → reports/figures/09_reliability_diagram.png
    圖已存 → reports/figures/10_calibration_by_decile.png

==============================================================================
讀法
==============================================================================
整體：平均預測 6.5532% vs 實際 8.9941%　→ 相對偏差 -27.14%

這個偏差會等比例縮小 SPEC §6.1 的每一筆期望收益
（E[淨收益] = p_churn × r_save × LTV − C_offer 是**乘上** p_churn），
使投放門檻設得過於保守 —— 這就是 M4 要修的東西。

⚠️ 下一步才 fit 校準器，而且要 fit 在 Feb-sel（模型與 early stopping
   都沒看過的那一塊）。fit 在 Mar 上會讓這張圖變漂亮，但那是拿
   驗證集調自己的成績單 —— M3 的 §7.5 第 6 項剛修掉同一個錯。


--- stderr ---
