$ C:\Users\User\Desktop\ML_project\.venv\Scripts\python.exe scripts/calibrate.py

載入 cohort（收聽特徵：啟用）...
  收聽特徵覆蓋 feb 81.56% · mar 82.01%
  訓練 feb 992,912 列 × 61 特徵，流失率 6.3915%
  驗證 mar 970,959 列 × 61 特徵，流失率 8.9941%
  Feb 三段切分：訓練 695,435 · early stopping 148,540 · 校準 148,937

訓練中（LightGBM，M3 選定的模型）...
[LightGBM] [Warning] Met negative value in categorical features, will convert it to NaN
[LightGBM] [Warning] Met negative value in categorical features, will convert it to NaN
[LightGBM] [Warning] Met negative value in categorical features, will convert it to NaN
[LightGBM] [Warning] Met negative value in categorical features, will convert it to NaN
  停在第 440 輪

========================================================================================
一、Feb-sel 的校準診斷（校準器 fit 在這一塊，所以先看它自己準不準）
========================================================================================
shape: (1, 11)
┌─────────┬────────┬────────────┬──────────┬──────────┬──────────┬──────────┬─────────┬─────────┬──────┬─────────┐
│ 分群    ┆ 人數   ┆ 實際流失率 ┆ 平均預測 ┆ 相對偏差 ┆ log loss ┆ Brier    ┆ ECE     ┆ MCE     ┆ 箱數 ┆ AUC     │
│ ---     ┆ ---    ┆ ---        ┆ ---      ┆ ---      ┆ ---      ┆ ---      ┆ ---     ┆ ---     ┆ ---  ┆ ---     │
│ str     ┆ i64    ┆ f64        ┆ f64      ┆ f64      ┆ f64      ┆ f64      ┆ f64     ┆ f64     ┆ i64  ┆ f64     │
╞═════════╪════════╪════════════╪══════════╪══════════╪══════════╪══════════╪═════════╪═════════╪══════╪═════════╡
│ Feb-sel ┆ 148937 ┆ 0.06391    ┆ 0.06412  ┆ 0.0033   ┆ 0.07735  ┆ 0.022726 ┆ 0.00038 ┆ 0.00128 ┆ 10   ┆ 0.98035 │
└─────────┴────────┴────────────┴──────────┴──────────┴──────────┴──────────┴─────────┴─────────┴──────┴─────────┘

========================================================================================
二、fit 出來的映射
========================================================================================
  樣本 148,937 筆　相異風險等級 89 個
  下界 5.684e-06（零區塊 87,962 筆）　上界 0.999353
  ↑ 零區塊代表校準集裡有一段完全沒有正例。輸出 0 會讓 log loss 踩到
    1e-15 的 clip（單筆 34.5），所以下界取 Jeffreys 後驗均值。

========================================================================================
三、Mar cohort：校準前 vs 校準後
========================================================================================

【校準品質】平均預測貼不貼近實際發生率
shape: (9, 9)
┌──────────────┬──────────┬────────┬────────────┬──────────┬──────────┬─────────┬─────────┬──────┐
│ 階段         ┆ 分群     ┆ 人數   ┆ 實際流失率 ┆ 平均預測 ┆ 相對偏差 ┆ ECE     ┆ MCE     ┆ 箱數 │
│ ---          ┆ ---      ┆ ---    ┆ ---        ┆ ---      ┆ ---      ┆ ---     ┆ ---     ┆ ---  │
│ str          ┆ str      ┆ i64    ┆ f64        ┆ f64      ┆ f64      ┆ f64     ┆ f64     ┆ i64  │
╞══════════════╪══════════╪════════╪════════════╪══════════╪══════════╪═════════╪═════════╪══════╡
│ 校準前       ┆ 全體     ┆ 970959 ┆ 0.08994    ┆ 0.06553  ┆ -0.2714  ┆ 0.02441 ┆ 0.09426 ┆ 10   │
│ 校準後       ┆ 全體     ┆ 970959 ┆ 0.08994    ┆ 0.0653   ┆ -0.274   ┆ 0.02464 ┆ 0.09419 ┆ 5    │
│ ⚠️Mar-oracle ┆ 全體     ┆ 970959 ┆ 0.08994    ┆ 0.08994  ┆ 0.0      ┆ 0.0     ┆ 0.00002 ┆ 7    │
│ 校準前       ┆ 重複用戶 ┆ 881693 ┆ 0.05871    ┆ 0.0445   ┆ -0.2421  ┆ 0.01422 ┆ 0.05511 ┆ 10   │
│ 校準後       ┆ 重複用戶 ┆ 881693 ┆ 0.05871    ┆ 0.04427  ┆ -0.246   ┆ 0.01444 ┆ 0.03264 ┆ 4    │
│ ⚠️Mar-oracle ┆ 重複用戶 ┆ 881693 ┆ 0.05871    ┆ 0.06449  ┆ 0.0983   ┆ 0.00577 ┆ 0.04153 ┆ 8    │
│ 校準前       ┆ 新進用戶 ┆ 89266  ┆ 0.39837    ┆ 0.27327  ┆ -0.314   ┆ 0.1251  ┆ 0.28912 ┆ 10   │
│ 校準後       ┆ 新進用戶 ┆ 89266  ┆ 0.39837    ┆ 0.27296  ┆ -0.3148  ┆ 0.12541 ┆ 0.29441 ┆ 8    │
│ ⚠️Mar-oracle ┆ 新進用戶 ┆ 89266  ┆ 0.39837    ┆ 0.34138  ┆ -0.1431  ┆ 0.05699 ┆ 0.13229 ┆ 10   │
└──────────────┴──────────┴────────┴────────────┴──────────┴──────────┴─────────┴─────────┴──────┘

【機率品質與排序】log loss 同時受兩者影響，AUC 只看排序
shape: (9, 5)
┌──────────────┬──────────┬──────────┬──────────┬─────────┐
│ 階段         ┆ 分群     ┆ log loss ┆ Brier    ┆ AUC     │
│ ---          ┆ ---      ┆ ---      ┆ ---      ┆ ---     │
│ str          ┆ str      ┆ f64      ┆ f64      ┆ f64     │
╞══════════════╪══════════╪══════════╪══════════╪═════════╡
│ 校準前       ┆ 全體     ┆ 0.15645  ┆ 0.040866 ┆ 0.94465 │
│ 校準後       ┆ 全體     ┆ 0.17172  ┆ 0.040973 ┆ 0.93634 │
│ ⚠️Mar-oracle ┆ 全體     ┆ 0.13402  ┆ 0.03888  ┆ 0.94807 │
│ 校準前       ┆ 重複用戶 ┆ 0.1181   ┆ 0.028499 ┆ 0.9363  │
│ 校準後       ┆ 重複用戶 ┆ 0.12602  ┆ 0.02854  ┆ 0.93058 │
│ ⚠️Mar-oracle ┆ 重複用戶 ┆ 0.10433  ┆ 0.028347 ┆ 0.93913 │
│ 校準前       ┆ 新進用戶 ┆ 0.53525  ┆ 0.163022 ┆ 0.87217 │
│ 校準後       ┆ 新進用戶 ┆ 0.62313  ┆ 0.163782 ┆ 0.86463 │
│ ⚠️Mar-oracle ┆ 新進用戶 ┆ 0.42731  ┆ 0.142917 ┆ 0.87538 │
└──────────────┴──────────┴──────────┴──────────┴─────────┘

========================================================================================
四、代價：校準壓掉了多少排序解析度
========================================================================================
shape: (2, 4)
┌────────┬──────────┬────────────────┬──────────────────┐
│ 階段   ┆ 相異值數 ┆ 最大同分組佔比 ┆ 有同分的樣本佔比 │
│ ---    ┆ ---      ┆ ---            ┆ ---              │
│ str    ┆ i64      ┆ f64            ┆ f64              │
╞════════╪══════════╪════════════════╪══════════════════╡
│ 校準前 ┆ 815876   ┆ 0.011215       ┆ 0.165099         │
│ 校準後 ┆ 606      ┆ 0.58992        ┆ 0.99947          │
└────────┴──────────┴────────────────┴──────────────────┘

  踩到下界的有 572,788 人（58.99%），其中 2,473 人實際流失
  這群人若被指派 0（沒有下界的話），單這一段就會讓 log loss 增加約 0.0879

========================================================================================
五、log loss 的惡化來自哪一段
========================================================================================
shape: (2, 8)
┌──────────┬────────┬────────┬────────────┬────────────────┬────────────────┬──────────┬──────────┐
│ 區段     ┆ 人數   ┆ 佔比   ┆ 實際流失率 ┆ 校準前平均預測 ┆ 校準後平均預測 ┆ 貢獻(前) ┆ 貢獻(後) │
│ ---      ┆ ---    ┆ ---    ┆ ---        ┆ ---            ┆ ---            ┆ ---      ┆ ---      │
│ str      ┆ i64    ┆ f64    ┆ f64        ┆ f64            ┆ f64            ┆ f64      ┆ f64      │
╞══════════╪════════╪════════╪════════════╪════════════════╪════════════════╪══════════╪══════════╡
│ 下界區塊 ┆ 572788 ┆ 0.5899 ┆ 0.00432    ┆ 0.000155       ┆ 0.000006       ┆ 0.01752  ┆ 0.03077  │
│ 其餘     ┆ 398171 ┆ 0.4101 ┆ 0.21311    ┆ 0.15958        ┆ 0.159222       ┆ 0.13893  ┆ 0.14096  │
└──────────┴────────┴────────┴────────────┴────────────────┴────────────────┴──────────┴──────────┘

產生圖表...
    圖已存 → reports/figures/11_calibration_before_after.png

========================================================================================
讀法
========================================================================================
Feb-sel 基準率 6.3913%　→　Mar 基準率 8.9941%（漂移 +40.7%）
Feb-sel 相對偏差 +0.33%　→　校準器只看得到這個，也只修得掉這個
Mar 相對偏差 -27.14% → -27.40%（修掉 -0.26%）
Mar ECE 0.02441 → 0.02464　洩漏對照組 0.00000


--- stderr ---
